// Vitest Snapshot v1, https://vitest.dev/guide/snapshot.html

exports[`Registration > Should send request with data after form submission 1`] = `[MockFunction spy]`;

exports[`Registration > Should send to login page after clicking the login button > Login Page 1`] = `[MockFunction spy]`;
